#0 building with "default" instance using docker driver

#1 [internal] load build definition from Dockerfile
#1 transferring dockerfile: 380B done
#1 DONE 0.0s

#2 [internal] load metadata for docker.io/library/precommit_hook:failure-history-56fd0c1
#2 DONE 0.0s

#3 [internal] load .dockerignore
#3 transferring context: 407B done
#3 DONE 0.0s

#4 [1/5] FROM docker.io/library/precommit_hook:failure-history-56fd0c1@sha256:b756b5d4756b6ed05bbbbe2ba55e7b767b422ee86f24ebf496ac8735793afb5d
#4 resolve docker.io/library/precommit_hook:failure-history-56fd0c1@sha256:b756b5d4756b6ed05bbbbe2ba55e7b767b422ee86f24ebf496ac8735793afb5d 0.0s done
#4 DONE 0.0s

#5 [internal] load build context
#5 transferring context: 27.21kB done
#5 DONE 0.0s

#6 [2/5] COPY upstream/agent-interp-envs/environments/precommit_hook/agent.py /opt/agent.py
#6 CACHED

#7 [3/5] COPY pilot /opt/pilot
#7 DONE 0.0s

#8 [4/5] COPY research/scripts/validate_state_equivalence.py /opt/research/scripts/validate_state_equivalence.py
#8 DONE 0.0s

#9 [5/5] RUN chmod -R go-rwx /opt/pilot /opt/research /opt/agent.py
#9 DONE 0.2s

#10 exporting to image
#10 exporting layers 0.1s done
#10 exporting manifest sha256:6ce509e5a4212be157a485a271999fbadd4c2d679aa33d9cb2308732603c6edd done
#10 exporting config sha256:c5822c37f3594cb11a3faf614fd95b0e60ec284cdde2eeef93941f9b5cad2a04 done
#10 exporting attestation manifest sha256:90ea51633d39918f257c4795228a257cc64c56a5b5d3af7a5902fb292c39deca 0.0s done
#10 exporting manifest list sha256:ac88ea8d3be608ca079bcc23ad03fe36053d256981872818bf3a2090039c8882 done
#10 naming to docker.io/library/integrated-precommit:pilot done
#10 unpacking to docker.io/library/integrated-precommit:pilot 0.1s done
#10 DONE 0.2s
