#0 building with "default" instance using docker driver

#1 [internal] load build definition from Dockerfile
#1 transferring dockerfile: 380B done
#1 DONE 0.0s

#2 [internal] load metadata for docker.io/library/precommit_hook:failure-history-56fd0c1
#2 DONE 0.0s

#3 [internal] load .dockerignore
#3 transferring context: 407B done
#3 DONE 0.0s

#4 [1/5] FROM docker.io/library/precommit_hook:failure-history-56fd0c1@sha256:b756b5d4756b6ed05bbbbe2ba55e7b767b422ee86f24ebf496ac8735793afb5d
#4 resolve docker.io/library/precommit_hook:failure-history-56fd0c1@sha256:b756b5d4756b6ed05bbbbe2ba55e7b767b422ee86f24ebf496ac8735793afb5d 0.0s done
#4 DONE 0.0s

#5 [internal] load build context
#5 transferring context: 2.93kB done
#5 DONE 0.0s

#6 [2/5] COPY upstream/agent-interp-envs/environments/precommit_hook/agent.py /opt/agent.py
#6 CACHED

#7 [3/5] COPY pilot /opt/pilot
#7 DONE 0.0s

#8 [4/5] COPY research/scripts/validate_state_equivalence.py /opt/research/scripts/validate_state_equivalence.py
#8 DONE 0.0s

#9 [5/5] RUN chmod -R go-rwx /opt/pilot /opt/research /opt/agent.py
#9 DONE 0.2s

#10 exporting to image
#10 exporting layers 0.1s done
#10 exporting manifest sha256:df60b99263a9e13ad4d5337e7f4ee89d273697222398a5a1c548becf8b49324a 0.0s done
#10 exporting config sha256:02aa0ced87a586eaee20ceb0addef7ca5c1bd26bd40195d9de1eb4d40104829c done
#10 exporting attestation manifest sha256:499dc5b6d8907313f0522faa3ba44ba2599a40909ebc2ad955b26654fe1c563d
#10 exporting attestation manifest sha256:499dc5b6d8907313f0522faa3ba44ba2599a40909ebc2ad955b26654fe1c563d 0.0s done
#10 exporting manifest list sha256:14bb9a6b1ca097793c25038a6e088e9e33497365bac7e194cc6eeefa1ae14f1e done
#10 naming to docker.io/library/integrated-precommit:pilot done
#10 unpacking to docker.io/library/integrated-precommit:pilot 0.1s done
#10 DONE 0.2s
