#0 building with "default" instance using docker driver

#1 [internal] load build definition from Dockerfile
#1 transferring dockerfile: 380B done
#1 DONE 0.0s

#2 [internal] load metadata for docker.io/library/precommit_hook:failure-history-56fd0c1
#2 DONE 0.0s

#3 [internal] load .dockerignore
#3 transferring context: 389B done
#3 DONE 0.0s

#4 [1/5] FROM docker.io/library/precommit_hook:failure-history-56fd0c1@sha256:b756b5d4756b6ed05bbbbe2ba55e7b767b422ee86f24ebf496ac8735793afb5d
#4 resolve docker.io/library/precommit_hook:failure-history-56fd0c1@sha256:b756b5d4756b6ed05bbbbe2ba55e7b767b422ee86f24ebf496ac8735793afb5d 0.0s done
#4 DONE 0.0s

#5 [internal] load build context
#5 transferring context: 57.67kB done
#5 DONE 0.0s

#6 [2/5] COPY upstream/agent-interp-envs/environments/precommit_hook/agent.py /opt/agent.py
#6 CACHED

#7 [3/5] COPY pilot /opt/pilot
#7 DONE 0.0s

#8 [4/5] COPY research/scripts/validate_state_equivalence.py /opt/research/scripts/validate_state_equivalence.py
#8 DONE 0.0s

#9 [5/5] RUN chmod -R go-rwx /opt/pilot /opt/research /opt/agent.py
#9 DONE 0.2s

#10 exporting to image
#10 exporting layers 0.1s done
#10 exporting manifest sha256:45615cbc1b3e6da58675306a1568f67a7c48c8a63e5a429ef30a70ae9d76dba0 done
#10 exporting config sha256:b16798a01e0404044d087b00205ce8a93ae15276af2fb45eb965358b2d8b5e93 0.0s done
#10 exporting attestation manifest sha256:5e38b2f079d1ac18ad16fdfe947af3bf67532bbd0db63374fdd2950d49f128e6 0.0s done
#10 exporting manifest list sha256:9510a48f018119049c24741329412e3c468ec6210946ec41622fa936fec7b7ed
#10 exporting manifest list sha256:9510a48f018119049c24741329412e3c468ec6210946ec41622fa936fec7b7ed done
#10 naming to docker.io/library/integrated-precommit:pilot done
#10 unpacking to docker.io/library/integrated-precommit:pilot 0.1s done
#10 DONE 0.2s
