#0 building with "default" instance using docker driver

#1 [internal] load build definition from Dockerfile
#1 transferring dockerfile: 341B done
#1 WARN: InvalidDefaultArgInFrom: Default value for ARG ${BASE_IMAGE} results in empty or invalid base image name (line 2)
#1 DONE 0.0s

#2 [internal] load metadata for docker.io/library/sha256:b756b5d4756b6ed05bbbbe2ba55e7b767b422ee86f24ebf496ac8735793afb5d
#2 ERROR: pull access denied, repository does not exist or may require authorization: server message: insufficient_scope: authorization failed
------
 > [internal] load metadata for docker.io/library/sha256:b756b5d4756b6ed05bbbbe2ba55e7b767b422ee86f24ebf496ac8735793afb5d:
------

 [33m1 warning found (use docker --debug to expand):
[0m - InvalidDefaultArgInFrom: Default value for ARG ${BASE_IMAGE} results in empty or invalid base image name (line 2)
Dockerfile:2
--------------------
   1 |     ARG BASE_IMAGE
   2 | >>> FROM ${BASE_IMAGE}
   3 |     COPY upstream/agent-interp-envs/environments/precommit_hook/agent.py /opt/agent.py
   4 |     COPY pilot /opt/pilot
--------------------
ERROR: failed to build: failed to solve: sha256:b756b5d4756b6ed05bbbbe2ba55e7b767b422ee86f24ebf496ac8735793afb5d: failed to resolve source metadata for docker.io/library/sha256:b756b5d4756b6ed05bbbbe2ba55e7b767b422ee86f24ebf496ac8735793afb5d: pull access denied, repository does not exist or may require authorization: server message: insufficient_scope: authorization failed
