#0 building with "default" instance using docker driver

#1 [internal] load build definition from Dockerfile
#1 transferring dockerfile: 380B done
#1 DONE 0.0s

#2 [internal] load metadata for docker.io/library/precommit_hook:failure-history-56fd0c1
#2 DONE 0.0s

#3 [internal] load .dockerignore
#3 transferring context: 389B done
#3 DONE 0.0s

#4 [internal] load build context
#4 transferring context: 59.02kB done
#4 DONE 0.0s

#5 [1/5] FROM docker.io/library/precommit_hook:failure-history-56fd0c1@sha256:b756b5d4756b6ed05bbbbe2ba55e7b767b422ee86f24ebf496ac8735793afb5d
#5 resolve docker.io/library/precommit_hook:failure-history-56fd0c1@sha256:b756b5d4756b6ed05bbbbe2ba55e7b767b422ee86f24ebf496ac8735793afb5d 0.0s done
#5 DONE 0.1s

#6 [2/5] COPY upstream/agent-interp-envs/environments/precommit_hook/agent.py /opt/agent.py
#6 DONE 0.0s

#7 [3/5] COPY pilot /opt/pilot
#7 DONE 0.0s

#8 [4/5] COPY research/scripts/validate_state_equivalence.py /opt/research/scripts/validate_state_equivalence.py
#8 DONE 0.0s

#9 [5/5] RUN chmod -R go-rwx /opt/pilot /opt/research /opt/agent.py
#9 DONE 0.2s

#10 exporting to image
#10 exporting layers 0.1s done
#10 exporting manifest sha256:8941c6f5573b8d37ddd343e501eb1a689f95e5d1e460d951d8c9753a2d795e28 done
#10 exporting config sha256:a066b51b3ca6ef159f80608f1f75cd660d6ad43552d3a7a38e806ca4891c6aa3 done
#10 exporting attestation manifest sha256:4508190ab2f1c299dd10fd3b6ed6d7573dc3d18cdf20e0aa43254ccf68da2ee0 0.0s done
#10 exporting manifest list sha256:f0883fc1aece65668691a4f29afc50291456850395db584f94c9ca30a3841e99 done
#10 naming to docker.io/library/integrated-precommit:pilot done
#10 unpacking to docker.io/library/integrated-precommit:pilot 0.1s done
#10 DONE 0.2s
