#0 building with "default" instance using docker driver

#1 [internal] load build definition from Dockerfile
#1 transferring dockerfile: 380B done
#1 DONE 0.0s

#2 [internal] load metadata for docker.io/library/precommit_hook:failure-history-56fd0c1
#2 DONE 0.0s

#3 [internal] load .dockerignore
#3 transferring context: 389B done
#3 DONE 0.0s

#4 [1/5] FROM docker.io/library/precommit_hook:failure-history-56fd0c1@sha256:b756b5d4756b6ed05bbbbe2ba55e7b767b422ee86f24ebf496ac8735793afb5d
#4 resolve docker.io/library/precommit_hook:failure-history-56fd0c1@sha256:b756b5d4756b6ed05bbbbe2ba55e7b767b422ee86f24ebf496ac8735793afb5d 0.0s done
#4 DONE 0.0s

#5 [internal] load build context
#5 transferring context: 50.02kB done
#5 DONE 0.0s

#6 [2/5] COPY upstream/agent-interp-envs/environments/precommit_hook/agent.py /opt/agent.py
#6 CACHED

#7 [3/5] COPY pilot /opt/pilot
#7 DONE 0.0s

#8 [4/5] COPY research/scripts/validate_state_equivalence.py /opt/research/scripts/validate_state_equivalence.py
#8 DONE 0.0s

#9 [5/5] RUN chmod -R go-rwx /opt/pilot /opt/research /opt/agent.py
#9 DONE 0.2s

#10 exporting to image
#10 exporting layers 0.1s done
#10 exporting manifest sha256:baa736df7cf8457f1c63726a2642bb9df1b7407f8f448bf65c15aadea44c63e2 done
#10 exporting config sha256:b5791b1affc8b1c7cc870ef13897b377e85ce9a976a9e164dbd94f12280fbc8e done
#10 exporting attestation manifest sha256:4974940eff5f70ae8d6fb4630a45cf53c5b85271796c54e53322015ab12d2b8f
#10 exporting attestation manifest sha256:4974940eff5f70ae8d6fb4630a45cf53c5b85271796c54e53322015ab12d2b8f 0.0s done
#10 exporting manifest list sha256:eb61ec1cde72f7de7ea43345656c902da84ec64b62d0d37485d39bb40e686960 done
#10 naming to docker.io/library/integrated-precommit:pilot done
#10 unpacking to docker.io/library/integrated-precommit:pilot 0.1s done
#10 DONE 0.2s
